TAP version 13
# Subtest: untrusted refs cannot turn a pure-CI checkout into shell or Git options
ok 1 - untrusted refs cannot turn a pure-CI checkout into shell or Git options
  ---
  duration_ms: 0.832458
  type: 'test'
  ...
# Subtest: child environments omit ambient production/cloud credentials and Git hooks
ok 2 - child environments omit ambient production/cloud credentials and Git hooks
  ---
  duration_ms: 46.12575
  type: 'test'
  ...
# Subtest: project key uses all three pinned commits and matches web immutable cache key
ok 3 - project key uses all three pinned commits and matches web immutable cache key
  ---
  duration_ms: 0.399959
  type: 'test'
  ...
# Subtest: Jenkins gate proof requires actual SUCCESS and the exact source combination
ok 4 - Jenkins gate proof requires actual SUCCESS and the exact source combination
  ---
  duration_ms: 0.267334
  type: 'test'
  ...
# Subtest: file hashing refuses symlinks instead of authenticating external private bytes
ok 5 - file hashing refuses symlinks instead of authenticating external private bytes
  ---
  duration_ms: 2.484291
  type: 'test'
  ...
# Subtest: source tree refuses tracked secrets, symlinks, and foreign submodules
ok 6 - source tree refuses tracked secrets, symlinks, and foreign submodules
  ---
  duration_ms: 0.420375
  type: 'test'
  ...
# Subtest: actual git/tar archive verifies FETCH_HEAD and retains only tracked pinned files
ok 7 - actual git/tar archive verifies FETCH_HEAD and retains only tracked pinned files
  ---
  duration_ms: 84.362625
  type: 'test'
  ...
# Subtest: actual tracked .env aborts before creating any source tar
ok 8 - actual tracked .env aborts before creating any source tar
  ---
  duration_ms: 55.266666
  type: 'test'
  ...
# Subtest: complete package uses three actual pinned Git archives and immutable web bytes
ok 9 - complete package uses three actual pinned Git archives and immutable web bytes
  ---
  duration_ms: 510.008083
  type: 'test'
  ...
# Subtest: package checksum inventory authenticates native/web/source archives and manifest
ok 10 - package checksum inventory authenticates native/web/source archives and manifest
  ---
  duration_ms: 5.550292
  type: 'test'
  ...
# Subtest: checksum file itself and extra assets cannot be spoofed
ok 11 - checksum file itself and extra assets cannot be spoofed
  ---
  duration_ms: 6.652958
  type: 'test'
  ...
# Subtest: release provenance rejects an unsupported build architecture
ok 12 - release provenance rejects an unsupported build architecture
  ---
  duration_ms: 6.364375
  type: 'test'
  ...
# Subtest: an existing immutable combination cannot be remapped to another user-specified tag
ok 13 - an existing immutable combination cannot be remapped to another user-specified tag
  ---
  duration_ms: 1.830291
  type: 'test'
  ...
# Subtest: published GitHub bytes recover local state without new uploads or current-head requirement
ok 14 - published GitHub bytes recover local state without new uploads or current-head requirement
  ---
  duration_ms: 6.554625
  type: 'test'
  ...
# Subtest: published source or remote asset digest mismatch refuses recovery
ok 15 - published source or remote asset digest mismatch refuses recovery
  ---
  duration_ms: 7.936208
  type: 'test'
  ...
# Subtest: a fresh GitHub draft describes the packaged Docker Linux API before publishing the complete inventory
ok 16 - a fresh GitHub draft describes the packaged Docker Linux API before publishing the complete inventory
  ---
  duration_ms: 9.344292
  type: 'test'
  ...
# Subtest: draft partial-upload retry skips exact immutable bytes and publishes only a complete inventory
ok 17 - draft partial-upload retry skips exact immutable bytes and publishes only a complete inventory
  ---
  duration_ms: 9.391125
  type: 'test'
  ...
# Subtest: failed local published-state write can retry after remote publication without duplicate uploads
ok 18 - failed local published-state write can retry after remote publication without duplicate uploads
  ---
  duration_ms: 6.965666
  type: 'test'
  ...
# Subtest: failed zero-byte draft upload is removed only with the exact private pending-upload proof
ok 19 - failed zero-byte draft upload is removed only with the exact private pending-upload proof
  ---
  duration_ms: 6.717333
  type: 'test'
  ...
# Subtest: unknown starter or nonempty failed upload refuses destructive recovery
ok 20 - unknown starter or nonempty failed upload refuses destructive recovery
  ---
  duration_ms: 5.369791
  type: 'test'
  ...
# Subtest: recovering an older published release never downgrades the current project pointer
ok 21 - recovering an older published release never downgrades the current project pointer
  ---
  duration_ms: 5.243541
  type: 'test'
  ...
# Subtest: record-build saves numeric build IDs only after real gate and three-SHA proof
ok 22 - record-build saves numeric build IDs only after real gate and three-SHA proof
  ---
  duration_ms: 4.580875
  type: 'test'
  ...
# Subtest: Web parent retains an independently verified exact-three-SHA contract child in the same private record
ok 23 - Web parent retains an independently verified exact-three-SHA contract child in the same private record
  ---
  duration_ms: 3.581792
  type: 'test'
  ...
# Subtest: a pruned contract child cannot be restored from Web self-report, while original Web archives remain reusable
ok 24 - a pruned contract child cannot be restored from Web self-report, while original Web archives remain reusable
  ---
  duration_ms: 3.53825
  type: 'test'
  ...
# Subtest: cross report must match its parent, canonical child, all three commits and exact parameter schema before retaining bytes
ok 25 - cross report must match its parent, canonical child, all three commits and exact parameter schema before retaining bytes
  ---
  duration_ms: 13.50375
  type: 'test'
  ...
# Subtest: Web artifact SUCCESS cannot hide actual failed, incomplete or wrong-commit Jenkins child
ok 26 - Web artifact SUCCESS cannot hide actual failed, incomplete or wrong-commit Jenkins child
  ---
  duration_ms: 3.531833
  type: 'test'
  ...
# Subtest: retained Web retry excludes a subsequently pruned child from savedBuilds without replacing its original bits
ok 27 - retained Web retry excludes a subsequently pruned child from savedBuilds without replacing its original bits
  ---
  duration_ms: 6.791333
  type: 'test'
  ...
# Subtest: API package proof requires pinned Linux Docker bytes and its actual native import probe
ok 28 - API package proof requires pinned Linux Docker bytes and its actual native import probe
  ---
  duration_ms: 0.1595
  type: 'test'
  ...
# Subtest: API child accepts real ci-passed receipt path and refuses stale draft-state assumptions
ok 29 - API child accepts real ci-passed receipt path and refuses stale draft-state assumptions
  ---
  duration_ms: 2.016834
  type: 'test'
  ...
# Subtest: retained immutable web proof survives Jenkins build pruning and keeps original numeric ID
ok 30 - retained immutable web proof survives Jenkins build pruning and keeps original numeric ID
  ---
  duration_ms: 9.977417
  type: 'test'
  ...
# Subtest: pre-adoption original archives survive pruned Jenkins history and fetch without rebuilding
ok 31 - pre-adoption original archives survive pruned Jenkins history and fetch without rebuilding
  ---
  duration_ms: 11.217917
  type: 'test'
  ...
# Subtest: failed stream cannot leave a green saved build or a half-retained archive cache
ok 32 - failed stream cannot leave a green saved build or a half-retained archive cache
  ---
  duration_ms: 1.863208
  type: 'test'
  ...
# Subtest: CI cache is created only after a real matching SUCCESS, never from manifest gateResult alone
ok 33 - CI cache is created only after a real matching SUCCESS, never from manifest gateResult alone
  ---
  duration_ms: 1.107834
  type: 'test'
  ...
# Subtest: fetch-web verifies actual manifest and byte streams before atomic trusted workspace adoption
ok 34 - fetch-web verifies actual manifest and byte streams before atomic trusted workspace adoption
  ---
  duration_ms: 3.400458
  type: 'test'
  ...
# Subtest: fetch-web tampered stream leaves no adopted folder
ok 35 - fetch-web tampered stream leaves no adopted folder
  ---
  duration_ms: 2.091959
  type: 'test'
  ...
# Subtest: Jenkins URL policy rejects foreign jobs, userinfo, query and cross-host redirects
ok 36 - Jenkins URL policy rejects foreign jobs, userinfo, query and cross-host redirects
  ---
  duration_ms: 0.239375
  type: 'test'
  ...
# Subtest: persisted requests cannot supply alternate refs or unreviewed job parameters
ok 37 - persisted requests cannot supply alternate refs or unreviewed job parameters
  ---
  duration_ms: 0.119125
  type: 'test'
  ...
# Subtest: first discovery builds main/open PR across three repos while baselining historical API branches
ok 38 - first discovery builds main/open PR across three repos while baselining historical API branches
  ---
  duration_ms: 5.327958
  type: 'test'
  ...
# Subtest: GitHub status failure cannot discard queued work or queue twice on the next poll
ok 39 - GitHub status failure cannot discard queued work or queue twice on the next poll
  ---
  duration_ms: 3.796167
  type: 'test'
  ...
# Subtest: queue 404 recovers the actual build by matching source parameters and completes repo-specific status
ok 40 - queue 404 recovers the actual build by matching source parameters and completes repo-specific status
  ---
  duration_ms: 2.893916
  type: 'test'
  ...
# Subtest: vanished queue without actual matching build retries instead of remaining permanently pending
ok 41 - vanished queue without actual matching build retries instead of remaining permanently pending
  ---
  duration_ms: 3.890083
  type: 'test'
  ...
# Subtest: three-head production changes queue one full release; unchanged current and live duplicate do not
ok 42 - three-head production changes queue one full release; unchanged current and live duplicate do not
  ---
  duration_ms: 2.804833
  type: 'test'
  ...
# Subtest: discovery recovers an already queued full release after local state loss
ok 43 - discovery recovers an already queued full release after local state loss
  ---
  duration_ms: 1.705458
  type: 'test'
  ...
# Subtest: UNSTABLE full publication is retried by the next discovery rather than treated as published
ok 44 - UNSTABLE full publication is retried by the next discovery rather than treated as published
  ---
  duration_ms: 2.166542
  type: 'test'
  ...
# Subtest: ordinary source CI failure is recorded once until a new source commit, without a busy retry loop
ok 45 - ordinary source CI failure is recorded once until a new source commit, without a busy retry loop
  ---
  duration_ms: 2.62525
  type: 'test'
  ...
# Subtest: new image tag publishes only its own pinned API source and never historical tags at bootstrap
ok 46 - new image tag publishes only its own pinned API source and never historical tags at bootstrap
  ---
  duration_ms: 2.102
  type: 'test'
  ...
# Subtest: changed production Dockerfile schedules check, while PR does not publish an image
ok 47 - changed production Dockerfile schedules check, while PR does not publish an image
  ---
  duration_ms: 2.571125
  type: 'test'
  ...
# Subtest: trusted Linux deployment pins account, ARM64 Node and private volume paths
ok 48 - trusted Linux deployment pins account, ARM64 Node and private volume paths
  ---
  duration_ms: 0.5105
  type: 'test'
  ...
# Subtest: ordinary CI cannot authorize deployment merely by sharing UID1000; absent, writable and linked volumes fail
ok 49 - ordinary CI cannot authorize deployment merely by sharing UID1000; absent, writable and linked volumes fail
  ---
  duration_ms: 3.411875
  type: 'test'
  ...
# Subtest: Jenkins transport reaches only the fixed host gateway while provenance stays canonical
ok 50 - Jenkins transport reaches only the fixed host gateway while provenance stays canonical
  ---
  duration_ms: 0.280417
  type: 'test'
  ...
# Subtest: Docker29 OCI index image ID is verified through the ARM64 manifest/config chain, not mistaken for config ID
ok 51 - Docker29 OCI index image ID is verified through the ARM64 manifest/config chain, not mistaken for config ID
  ---
  duration_ms: 85.686458
  type: 'test'
  ...
# Subtest: legacy Docker-save validates immutable config ID; wrong architecture, missing blobs and ambiguous runtime are rejected
ok 52 - legacy Docker-save validates immutable config ID; wrong architecture, missing blobs and ambiguous runtime are rejected
  ---
  duration_ms: 95.973417
  type: 'test'
  ...
# Subtest: trusted Linux runner verifies actual Jenkins SUCCESS at the gateway and preserves canonical three-SHA evidence
ok 53 - trusted Linux runner verifies actual Jenkins SUCCESS at the gateway and preserves canonical three-SHA evidence
  ---
  duration_ms: 13.5465
  type: 'test'
  ...
# Subtest: API evidence requires the matching private root/API receipt and refuses stale root-only release reuse
ok 54 - API evidence requires the matching private root/API receipt and refuses stale root-only release reuse
  ---
  duration_ms: 5.102042
  type: 'test'
  ...
# Subtest: Linux discovery queues exact commits through the gateway and stores canonical queue provenance
ok 55 - Linux discovery queues exact commits through the gateway and stores canonical queue provenance
  ---
  duration_ms: 7.454833
  type: 'test'
  ...
# Subtest: new Linux trusted pipelines preserve executor release before child waits and use container monitor CLI
ok 56 - new Linux trusted pipelines preserve executor release before child waits and use container monitor CLI
  ---
  duration_ms: 0.693333
  type: 'test'
  ...
1..56
# tests 56
# suites 0
# pass 56
# fail 0
# cancelled 0
# skipped 0
# todo 0
# duration_ms 913.432875
