TAP version 13
# Subtest: fixed Linux ARM64 and AMD64 agents retain one isolated identity and separate caches
ok 1 - fixed Linux ARM64 and AMD64 agents retain one isolated identity and separate caches
  ---
  duration_ms: 0.651792
  type: 'test'
  ...
# Subtest: legacy isolated Mac CI remains accepted while the production owner cannot become CI
ok 2 - legacy isolated Mac CI remains accepted while the production owner cannot become CI
  ---
  duration_ms: 0.108209
  type: 'test'
  ...
# Subtest: Linux children receive fixed Chromium/cache paths without secret or loader environment inheritance
ok 3 - Linux children receive fixed Chromium/cache paths without secret or loader environment inheritance
  ---
  duration_ms: 0.083125
  type: 'test'
  ...
# Subtest: agent uses the Remoting secret-file argument and fixed names without embedding the secret
ok 4 - agent uses the Remoting secret-file argument and fixed names without embedding the secret
  ---
  duration_ms: 0.131125
  type: 'test'
  ...
# Subtest: immutable browser verification uses each project's direct dependency and refuses missing, escaped or incompatible revisions
ok 5 - immutable browser verification uses each project's direct dependency and refuses missing, escaped or incompatible revisions
  ---
  duration_ms: 259.012958
  type: 'test'
  ...
# Subtest: backend validation accepts the isolated ARM64 Linux account and rejects other execution identities
ok 6 - backend validation accepts the isolated ARM64 Linux account and rejects other execution identities
  ---
  duration_ms: 0.583
  type: 'test'
  ...
# Subtest: checkout fetches only the fixed API repository and records exact PR provenance on Linux
ok 7 - checkout fetches only the fixed API repository and records exact PR provenance on Linux
  ---
  duration_ms: 8.288375
  type: 'test'
  ...
# Subtest: a moved branch refuses checkout and cannot retain stale success metadata
ok 8 - a moved branch refuses checkout and cannot retain stale success metadata
  ---
  duration_ms: 3.508958
  type: 'test'
  ...
# Subtest: changed HEAD or REF provenance blocks repository code before execution
ok 9 - changed HEAD or REF provenance blocks repository code before execution
  ---
  duration_ms: 2.850375
  type: 'test'
  ...
# Subtest: a source symlink is refused before removal or command execution
ok 10 - a source symlink is refused before removal or command execution
  ---
  duration_ms: 2.992833
  type: 'test'
  ...
# Subtest: Linux runs every existing API gate through pinned Corepack without inheriting credentials
ok 11 - Linux runs every existing API gate through pinned Corepack without inheriting credentials
  ---
  duration_ms: 4.883375
  type: 'test'
  ...
# Subtest: an OpenAPI drift failure propagates rather than recording successful validation
ok 12 - an OpenAPI drift failure propagates rather than recording successful validation
  ---
  duration_ms: 2.19525
  type: 'test'
  ...
# Subtest: native phase loads SQLite and the actual BoxLite binding in the pinned Linux dependency tree
ok 13 - native phase loads SQLite and the actual BoxLite binding in the pinned Linux dependency tree
  ---
  duration_ms: 3.155083
  type: 'test'
  ...
# Subtest: either failed native load removes an old success report and fails the phase
ok 14 - either failed native load removes an old success report and fails the phase
  ---
  duration_ms: 5.494292
  type: 'test'
  ...
# Subtest: invalid phase or pinned input cannot run even the initial Git command
ok 15 - invalid phase or pinned input cannot run even the initial Git command
  ---
  duration_ms: 1.666625
  type: 'test'
  ...
# Subtest: managed backend pipeline targets only Linux validation and keeps all gates and archive provenance
ok 16 - managed backend pipeline targets only Linux validation and keeps all gates and archive provenance
  ---
  duration_ms: 0.436125
  type: 'test'
  ...
# Subtest: trusted Linux adopts identical CI bits and authenticates only fixed Vercel commands after private volume validation
ok 17 - trusted Linux adopts identical CI bits and authenticates only fixed Vercel commands after private volume validation
  ---
  duration_ms: 102.3765
  type: 'test'
  ...
# Subtest: Linux CI identity without trusted private volumes cannot invoke credential-bearing web publication
ok 18 - Linux CI identity without trusted private volumes cannot invoke credential-bearing web publication
  ---
  duration_ms: 2.286084
  type: 'test'
  ...
# Subtest: Linux AMD64 production CI runs every local gate with no publication credentials and packages verified ELF targets
ok 19 - Linux AMD64 production CI runs every local gate with no publication credentials and packages verified ELF targets
  ---
  duration_ms: 34.059834
  type: 'test'
  ...
# Subtest: Linux browser verification failure makes install fail and prevents packaging
ok 20 - Linux browser verification failure makes install fail and prevents packaging
  ---
  duration_ms: 5.733916
  type: 'test'
  ...
# Subtest: Linux ARM64 output may be pure JS but cannot package ARM ELF for a default x86_64 function
ok 21 - Linux ARM64 output may be pure JS but cannot package ARM ELF for a default x86_64 function
  ---
  duration_ms: 16.9965
  type: 'test'
  ...
# Subtest: only valid fixed-repository ref syntax and isolated/trusted OS identities are accepted
ok 22 - only valid fixed-repository ref syntax and isolated/trusted OS identities are accepted
  ---
  duration_ms: 0.223625
  type: 'test'
  ...
# Subtest: child environment is constructed without ambient deployment/runtime secrets
ok 23 - child environment is constructed without ambient deployment/runtime secrets
  ---
  duration_ms: 0.039208
  type: 'test'
  ...
# Subtest: public cache drops unknown/private project env values and pins exact production origins
ok 24 - public cache drops unknown/private project env values and pins exact production origins
  ---
  duration_ms: 0.115208
  type: 'test'
  ...
# Subtest: browser report metadata above the configuration limit remains readable, while links and oversized reports fail
ok 25 - browser report metadata above the configuration limit remains readable, while links and oversized reports fail
  ---
  duration_ms: 10.794959
  type: 'test'
  ...
# Subtest: real executed test reports reject missing counts, skips, contradictory suites and failures
ok 26 - real executed test reports reject missing counts, skips, contradictory suites and failures
  ---
  duration_ms: 0.25375
  type: 'test'
  ...
# Subtest: archive extraction permits only a fixed relative output prefix
ok 27 - archive extraction permits only a fixed relative output prefix
  ---
  duration_ms: 0.089167
  type: 'test'
  ...
# Subtest: deployment CLI JSON must attest a READY production upload and approved URL shape
ok 28 - deployment CLI JSON must attest a READY production upload and approved URL shape
  ---
  duration_ms: 0.077916
  type: 'test'
  ...
# Subtest: project cache key distinguishes docs/API releases even when web SHA is unchanged
ok 29 - project cache key distinguishes docs/API releases even when web SHA is unchanged
  ---
  duration_ms: 0.135834
  type: 'test'
  ...
# Subtest: build walker hashes real files and refuses Darwin binaries, symlinks and env leakage
ok 30 - build walker hashes real files and refuses Darwin binaries, symlinks and env leakage
  ---
  duration_ms: 2.460416
  type: 'test'
  ...
# Subtest: ELF machine is verified against each function target, including shared libraries and explicit arm64
ok 31 - ELF machine is verified against each function target, including shared libraries and explicit arm64
  ---
  duration_ms: 4.493708
  type: 'test'
  ...
# Subtest: standalone normalization flattens internal aliases while refusing source links and cycles
ok 32 - standalone normalization flattens internal aliases while refusing source links and cycles
  ---
  duration_ms: 7.372167
  type: 'test'
  ...
# Subtest: production local gates, reports and portable packages feed immutable adoption and STAGED upload
ok 33 - production local gates, reports and portable packages feed immutable adoption and STAGED upload
  ---
  duration_ms: 75.748458
  type: 'test'
  ...
# Subtest: PR/main CI never receives production settings or trusted upload and still executes all gates
ok 34 - PR/main CI never receives production settings or trusted upload and still executes all gates
  ---
  duration_ms: 18.313458
  type: 'test'
  ...
# Subtest: moved production ref cancels preparation before any credential-bearing command
ok 35 - moved production ref cancels preparation before any credential-bearing command
  ---
  duration_ms: 1.931708
  type: 'test'
  ...
# Subtest: a failed or skipped gate prevents packaging and is not overwritten by a retry
ok 36 - a failed or skipped gate prevents packaging and is not overwritten by a retry
  ---
  duration_ms: 3.267292
  type: 'test'
  ...
# Subtest: tests with skip evidence fail their actual phase rather than become a green artifact
ok 37 - tests with skip evidence fail their actual phase rather than become a green artifact
  ---
  duration_ms: 2.724083
  type: 'test'
  ...
# Subtest: Mac native dependency in the local Vercel output blocks build and packaging
ok 38 - Mac native dependency in the local Vercel output blocks build and packaging
  ---
  duration_ms: 10.139292
  type: 'test'
  ...
# Subtest: tracked or untracked source changes cannot be hidden behind a matching HEAD SHA
ok 39 - tracked or untracked source changes cannot be hidden behind a matching HEAD SHA
  ---
  duration_ms: 4.324292
  type: 'test'
  ...
# Subtest: tampered archives and SHA/gate provenance are refused without adopting
ok 40 - tampered archives and SHA/gate provenance are refused without adopting
  ---
  duration_ms: 25.872375
  type: 'test'
  ...
# Subtest: trusted pin or branch changes during/after CI refuse adoption and publication
ok 41 - trusted pin or branch changes during/after CI refuse adoption and publication
  ---
  duration_ms: 47.183
  type: 'test'
  ...
# Subtest: promotion probes protected API exact SHA, validates remote staged metadata and promotes only uploaded URI
ok 42 - promotion probes protected API exact SHA, validates remote staged metadata and promotes only uploaded URI
  ---
  duration_ms: 63.597542
  type: 'test'
  ...
# Subtest: unready or wrong API prevents promotion, preserves failure evidence and blocks automatic retry
ok 43 - unready or wrong API prevents promotion, preserves failure evidence and blocks automatic retry
  ---
  duration_ms: 71.234666
  type: 'test'
  ...
# Subtest: wrong project or mismatching staged deployment metadata cannot be promoted
ok 44 - wrong project or mismatching staged deployment metadata cannot be promoted
  ---
  duration_ms: 60.971
  type: 'test'
  ...
# Subtest: failed upload records intent/failure and never creates another deployment on retry
ok 45 - failed upload records intent/failure and never creates another deployment on retry
  ---
  duration_ms: 59.897375
  type: 'test'
  ...
# Subtest: adopt needs only verified downloaded artifacts, never CI source checkout
ok 46 - adopt needs only verified downloaded artifacts, never CI source checkout
  ---
  duration_ms: 49.777958
  type: 'test'
  ...
# Subtest: a stale publication lock never gets stolen and incomplete upload intent cannot be retried
ok 47 - a stale publication lock never gets stolen and incomplete upload intent cannot be retried
  ---
  duration_ms: 56.215833
  type: 'test'
  ...
# Subtest: immutable adoption reuses original package and original Jenkins build identity
ok 48 - immutable adoption reuses original package and original Jenkins build identity
  ---
  duration_ms: 62.274875
  type: 'test'
  ...
# Subtest: promoted retries verify the real custom-domain alias and refuse another deployment or promotion
ok 49 - promoted retries verify the real custom-domain alias and refuse another deployment or promotion
  ---
  duration_ms: 90.468875
  type: 'test'
  ...
# Subtest: production public settings preparation is read-only and needs no publication approval pin
ok 50 - production public settings preparation is read-only and needs no publication approval pin
  ---
  duration_ms: 3.976541
  type: 'test'
  ...
# Subtest: an altered Vercel project link cannot upload to an unrelated project
ok 51 - an altered Vercel project link cannot upload to an unrelated project
  ---
  duration_ms: 54.360708
  type: 'test'
  ...
# Subtest: untrusted refs cannot turn a pure-CI checkout into shell or Git options
ok 52 - untrusted refs cannot turn a pure-CI checkout into shell or Git options
  ---
  duration_ms: 1.0675
  type: 'test'
  ...
# Subtest: child environments omit ambient production/cloud credentials and Git hooks
ok 53 - child environments omit ambient production/cloud credentials and Git hooks
  ---
  duration_ms: 49.894167
  type: 'test'
  ...
# Subtest: project key uses all three pinned commits and matches web immutable cache key
ok 54 - project key uses all three pinned commits and matches web immutable cache key
  ---
  duration_ms: 0.479458
  type: 'test'
  ...
# Subtest: Jenkins gate proof requires actual SUCCESS and the exact source combination
ok 55 - Jenkins gate proof requires actual SUCCESS and the exact source combination
  ---
  duration_ms: 0.290291
  type: 'test'
  ...
# Subtest: file hashing refuses symlinks instead of authenticating external private bytes
ok 56 - file hashing refuses symlinks instead of authenticating external private bytes
  ---
  duration_ms: 2.561916
  type: 'test'
  ...
# Subtest: source tree refuses tracked secrets, symlinks, and foreign submodules
ok 57 - source tree refuses tracked secrets, symlinks, and foreign submodules
  ---
  duration_ms: 0.438208
  type: 'test'
  ...
# Subtest: actual git/tar archive verifies FETCH_HEAD and retains only tracked pinned files
ok 58 - actual git/tar archive verifies FETCH_HEAD and retains only tracked pinned files
  ---
  duration_ms: 96.982916
  type: 'test'
  ...
# Subtest: actual tracked .env aborts before creating any source tar
ok 59 - actual tracked .env aborts before creating any source tar
  ---
  duration_ms: 63.724375
  type: 'test'
  ...
# Subtest: complete package uses three actual pinned Git archives and immutable web bytes
ok 60 - complete package uses three actual pinned Git archives and immutable web bytes
  ---
  duration_ms: 548.713375
  type: 'test'
  ...
# Subtest: package checksum inventory authenticates native/web/source archives and manifest
ok 61 - package checksum inventory authenticates native/web/source archives and manifest
  ---
  duration_ms: 6.191083
  type: 'test'
  ...
# Subtest: checksum file itself and extra assets cannot be spoofed
ok 62 - checksum file itself and extra assets cannot be spoofed
  ---
  duration_ms: 6.933292
  type: 'test'
  ...
# Subtest: release provenance rejects an unsupported build architecture
ok 63 - release provenance rejects an unsupported build architecture
  ---
  duration_ms: 6.329542
  type: 'test'
  ...
# Subtest: an existing immutable combination cannot be remapped to another user-specified tag
ok 64 - an existing immutable combination cannot be remapped to another user-specified tag
  ---
  duration_ms: 1.893291
  type: 'test'
  ...
# Subtest: published GitHub bytes recover local state without new uploads or current-head requirement
ok 65 - published GitHub bytes recover local state without new uploads or current-head requirement
  ---
  duration_ms: 6.73325
  type: 'test'
  ...
# Subtest: published source or remote asset digest mismatch refuses recovery
ok 66 - published source or remote asset digest mismatch refuses recovery
  ---
  duration_ms: 8.610875
  type: 'test'
  ...
# Subtest: draft partial-upload retry skips exact immutable bytes and publishes only a complete inventory
ok 67 - draft partial-upload retry skips exact immutable bytes and publishes only a complete inventory
  ---
  duration_ms: 8.625791
  type: 'test'
  ...
# Subtest: failed local published-state write can retry after remote publication without duplicate uploads
ok 68 - failed local published-state write can retry after remote publication without duplicate uploads
  ---
  duration_ms: 8.639708
  type: 'test'
  ...
# Subtest: failed zero-byte draft upload is removed only with the exact private pending-upload proof
ok 69 - failed zero-byte draft upload is removed only with the exact private pending-upload proof
  ---
  duration_ms: 6.012625
  type: 'test'
  ...
# Subtest: unknown starter or nonempty failed upload refuses destructive recovery
ok 70 - unknown starter or nonempty failed upload refuses destructive recovery
  ---
  duration_ms: 5.5295
  type: 'test'
  ...
# Subtest: recovering an older published release never downgrades the current project pointer
ok 71 - recovering an older published release never downgrades the current project pointer
  ---
  duration_ms: 6.388709
  type: 'test'
  ...
# Subtest: record-build saves numeric build IDs only after real gate and three-SHA proof
ok 72 - record-build saves numeric build IDs only after real gate and three-SHA proof
  ---
  duration_ms: 3.777542
  type: 'test'
  ...
# Subtest: Web parent retains an independently verified exact-three-SHA contract child in the same private record
ok 73 - Web parent retains an independently verified exact-three-SHA contract child in the same private record
  ---
  duration_ms: 3.493334
  type: 'test'
  ...
# Subtest: a pruned contract child cannot be restored from Web self-report, while original Web archives remain reusable
ok 74 - a pruned contract child cannot be restored from Web self-report, while original Web archives remain reusable
  ---
  duration_ms: 3.541416
  type: 'test'
  ...
# Subtest: cross report must match its parent, canonical child, all three commits and exact parameter schema before retaining bytes
ok 75 - cross report must match its parent, canonical child, all three commits and exact parameter schema before retaining bytes
  ---
  duration_ms: 20.509
  type: 'test'
  ...
# Subtest: Web artifact SUCCESS cannot hide actual failed, incomplete or wrong-commit Jenkins child
ok 76 - Web artifact SUCCESS cannot hide actual failed, incomplete or wrong-commit Jenkins child
  ---
  duration_ms: 7.787834
  type: 'test'
  ...
# Subtest: retained Web retry excludes a subsequently pruned child from savedBuilds without replacing its original bits
ok 77 - retained Web retry excludes a subsequently pruned child from savedBuilds without replacing its original bits
  ---
  duration_ms: 13.973292
  type: 'test'
  ...
# Subtest: API package proof requires pinned Linux Docker bytes and its actual native import probe
ok 78 - API package proof requires pinned Linux Docker bytes and its actual native import probe
  ---
  duration_ms: 0.187458
  type: 'test'
  ...
# Subtest: API child accepts real ci-passed receipt path and refuses stale draft-state assumptions
ok 79 - API child accepts real ci-passed receipt path and refuses stale draft-state assumptions
  ---
  duration_ms: 2.17075
  type: 'test'
  ...
# Subtest: retained immutable web proof survives Jenkins build pruning and keeps original numeric ID
ok 80 - retained immutable web proof survives Jenkins build pruning and keeps original numeric ID
  ---
  duration_ms: 10.163833
  type: 'test'
  ...
# Subtest: pre-adoption original archives survive pruned Jenkins history and fetch without rebuilding
ok 81 - pre-adoption original archives survive pruned Jenkins history and fetch without rebuilding
  ---
  duration_ms: 10.924167
  type: 'test'
  ...
# Subtest: failed stream cannot leave a green saved build or a half-retained archive cache
ok 82 - failed stream cannot leave a green saved build or a half-retained archive cache
  ---
  duration_ms: 2.052833
  type: 'test'
  ...
# Subtest: CI cache is created only after a real matching SUCCESS, never from manifest gateResult alone
ok 83 - CI cache is created only after a real matching SUCCESS, never from manifest gateResult alone
  ---
  duration_ms: 1.118375
  type: 'test'
  ...
# Subtest: fetch-web verifies actual manifest and byte streams before atomic trusted workspace adoption
ok 84 - fetch-web verifies actual manifest and byte streams before atomic trusted workspace adoption
  ---
  duration_ms: 3.216959
  type: 'test'
  ...
# Subtest: fetch-web tampered stream leaves no adopted folder
ok 85 - fetch-web tampered stream leaves no adopted folder
  ---
  duration_ms: 2.297292
  type: 'test'
  ...
# Subtest: Jenkins URL policy rejects foreign jobs, userinfo, query and cross-host redirects
ok 86 - Jenkins URL policy rejects foreign jobs, userinfo, query and cross-host redirects
  ---
  duration_ms: 0.261166
  type: 'test'
  ...
# Subtest: persisted requests cannot supply alternate refs or unreviewed job parameters
ok 87 - persisted requests cannot supply alternate refs or unreviewed job parameters
  ---
  duration_ms: 0.123583
  type: 'test'
  ...
# Subtest: first discovery builds main/open PR across three repos while baselining historical API branches
ok 88 - first discovery builds main/open PR across three repos while baselining historical API branches
  ---
  duration_ms: 6.015208
  type: 'test'
  ...
# Subtest: GitHub status failure cannot discard queued work or queue twice on the next poll
ok 89 - GitHub status failure cannot discard queued work or queue twice on the next poll
  ---
  duration_ms: 3.66175
  type: 'test'
  ...
# Subtest: queue 404 recovers the actual build by matching source parameters and completes repo-specific status
ok 90 - queue 404 recovers the actual build by matching source parameters and completes repo-specific status
  ---
  duration_ms: 3.130166
  type: 'test'
  ...
# Subtest: vanished queue without actual matching build retries instead of remaining permanently pending
ok 91 - vanished queue without actual matching build retries instead of remaining permanently pending
  ---
  duration_ms: 2.927542
  type: 'test'
  ...
# Subtest: three-head production changes queue one full release; unchanged current and live duplicate do not
ok 92 - three-head production changes queue one full release; unchanged current and live duplicate do not
  ---
  duration_ms: 2.66075
  type: 'test'
  ...
# Subtest: discovery recovers an already queued full release after local state loss
ok 93 - discovery recovers an already queued full release after local state loss
  ---
  duration_ms: 1.647583
  type: 'test'
  ...
# Subtest: UNSTABLE full publication is retried by the next discovery rather than treated as published
ok 94 - UNSTABLE full publication is retried by the next discovery rather than treated as published
  ---
  duration_ms: 2.408
  type: 'test'
  ...
# Subtest: ordinary source CI failure is recorded once until a new source commit, without a busy retry loop
ok 95 - ordinary source CI failure is recorded once until a new source commit, without a busy retry loop
  ---
  duration_ms: 4.975833
  type: 'test'
  ...
# Subtest: new image tag publishes only its own pinned API source and never historical tags at bootstrap
ok 96 - new image tag publishes only its own pinned API source and never historical tags at bootstrap
  ---
  duration_ms: 2.565916
  type: 'test'
  ...
# Subtest: changed production Dockerfile schedules check, while PR does not publish an image
ok 97 - changed production Dockerfile schedules check, while PR does not publish an image
  ---
  duration_ms: 2.822875
  type: 'test'
  ...
# Subtest: trusted Linux deployment pins account, ARM64 Node and private volume paths
ok 98 - trusted Linux deployment pins account, ARM64 Node and private volume paths
  ---
  duration_ms: 0.710792
  type: 'test'
  ...
# Subtest: ordinary CI cannot authorize deployment merely by sharing UID1000; absent, writable and linked volumes fail
ok 99 - ordinary CI cannot authorize deployment merely by sharing UID1000; absent, writable and linked volumes fail
  ---
  duration_ms: 4.963041
  type: 'test'
  ...
# Subtest: Jenkins transport reaches only the fixed host gateway while provenance stays canonical
ok 100 - Jenkins transport reaches only the fixed host gateway while provenance stays canonical
  ---
  duration_ms: 0.306584
  type: 'test'
  ...
# Subtest: Docker29 OCI index image ID is verified through the ARM64 manifest/config chain, not mistaken for config ID
ok 101 - Docker29 OCI index image ID is verified through the ARM64 manifest/config chain, not mistaken for config ID
  ---
  duration_ms: 104.544375
  type: 'test'
  ...
# Subtest: legacy Docker-save validates immutable config ID; wrong architecture, missing blobs and ambiguous runtime are rejected
ok 102 - legacy Docker-save validates immutable config ID; wrong architecture, missing blobs and ambiguous runtime are rejected
  ---
  duration_ms: 115.558833
  type: 'test'
  ...
# Subtest: trusted Linux runner verifies actual Jenkins SUCCESS at the gateway and preserves canonical three-SHA evidence
ok 103 - trusted Linux runner verifies actual Jenkins SUCCESS at the gateway and preserves canonical three-SHA evidence
  ---
  duration_ms: 14.345875
  type: 'test'
  ...
# Subtest: API evidence requires the matching private root/API receipt and refuses stale root-only release reuse
ok 104 - API evidence requires the matching private root/API receipt and refuses stale root-only release reuse
  ---
  duration_ms: 6.933042
  type: 'test'
  ...
# Subtest: Linux discovery queues exact commits through the gateway and stores canonical queue provenance
ok 105 - Linux discovery queues exact commits through the gateway and stores canonical queue provenance
  ---
  duration_ms: 14.468208
  type: 'test'
  ...
# Subtest: new Linux trusted pipelines preserve executor release before child waits and use container monitor CLI
ok 106 - new Linux trusted pipelines preserve executor release before child waits and use container monitor CLI
  ---
  duration_ms: 0.773375
  type: 'test'
  ...
1..106
# tests 106
# suites 0
# pass 106
# fail 0
# cancelled 0
# skipped 0
# todo 0
# duration_ms 997.596625
